2026-08-19 03:27:32.159: [INFO] CurrentProfilePath: C:\Users\HP\Downloads\TrashSailorsJavaFX (2)\.metadata\.plugins\org.eclipse.swt\EBWebView\Default
2026-08-19 03:27:32.159: [INFO] Profiles total count: 1
2026-08-19 03:27:32.159: [INFO] Profile: name=Profile 1 path=C:\Users\HP\Downloads\TrashSailorsJavaFX (2)\.metadata\.plugins\org.eclipse.swt\EBWebView\Default lastActive=null
2026-08-19 03:27:32.159: [INFO] LastUsedProfileDir: C:\Users\HP\Downloads\TrashSailorsJavaFX (2)\.metadata\.plugins\org.eclipse.swt\EBWebView\Default
2026-08-19 03:27:32.159: [INFO] OnDoneLoading sync enabled: 0
2026-08-19 03:27:32.159: [INFO] BookmarkModelLoaded, ids_reassigned: 0
2026-08-19 03:27:32.159: [INFO] BookmarksLoadDropped droppedNodes=0
2026-08-19 03:27:32.159: [INFO] BookmarksSnapshot Startup total=0 bar=0 other=0 mobile=0 showBar=0 showBarNTP=1
2026-08-19 03:27:41.640: [INFO] BookmarksSnapshot Shutdown total=0 bar=0 other=0 mobile=0 showBar=0 showBarNTP=1
2026-08-19 03:27:42.278: [INFO] CurrentProfilePath: C:\Users\HP\Downloads\TrashSailorsJavaFX (2)\.metadata\.plugins\org.eclipse.swt\EBWebView\Default
2026-08-19 03:27:42.278: [INFO] Profiles total count: 1
2026-08-19 03:27:42.279: [INFO] Profile: name=Profile 1 path=C:\Users\HP\Downloads\TrashSailorsJavaFX (2)\.metadata\.plugins\org.eclipse.swt\EBWebView\Default lastActive=2026-08-19T03:27:40.592Z
2026-08-19 03:27:42.279: [INFO] LastUsedProfileDir: C:\Users\HP\Downloads\TrashSailorsJavaFX (2)\.metadata\.plugins\org.eclipse.swt\EBWebView\Default
2026-08-19 03:27:42.279: [INFO] MostRecentlyActiveProfile: name=Profile 1 path=C:\Users\HP\Downloads\TrashSailorsJavaFX (2)\.metadata\.plugins\org.eclipse.swt\EBWebView\Default lastActive=2026-08-19T03:27:40.592Z
2026-08-19 03:27:42.279: [INFO] OnDoneLoading sync enabled: 0
2026-08-19 03:27:42.279: [INFO] BookmarkModelLoaded, ids_reassigned: 0
2026-08-19 03:27:42.279: [INFO] BookmarksLoadDropped droppedNodes=0
2026-08-19 03:27:42.279: [INFO] BookmarksSnapshot Startup total=0 bar=0 other=0 mobile=0 showBar=0 showBarNTP=1
2026-08-19 03:27:56.613: [INFO] BookmarksSnapshot Shutdown total=0 bar=0 other=0 mobile=0 showBar=0 showBarNTP=1
2026-08-19 03:28:22.626: [INFO] CurrentProfilePath: C:\Users\HP\Downloads\TrashSailorsJavaFX (2)\.metadata\.plugins\org.eclipse.swt\EBWebView\Default
2026-08-19 03:28:22.626: [INFO] Profiles total count: 1
2026-08-19 03:28:22.626: [INFO] Profile: name=Profile 1 path=C:\Users\HP\Downloads\TrashSailorsJavaFX (2)\.metadata\.plugins\org.eclipse.swt\EBWebView\Default lastActive=2026-08-19T03:27:40.592Z
2026-08-19 03:28:22.626: [INFO] LastUsedProfileDir: C:\Users\HP\Downloads\TrashSailorsJavaFX (2)\.metadata\.plugins\org.eclipse.swt\EBWebView\Default
2026-08-19 03:28:22.626: [INFO] MostRecentlyActiveProfile: name=Profile 1 path=C:\Users\HP\Downloads\TrashSailorsJavaFX (2)\.metadata\.plugins\org.eclipse.swt\EBWebView\Default lastActive=2026-08-19T03:27:40.592Z
2026-08-19 03:28:22.626: [INFO] OnDoneLoading sync enabled: 0
2026-08-19 03:28:22.626: [INFO] BookmarkModelLoaded, ids_reassigned: 0
2026-08-19 03:28:22.626: [INFO] BookmarksLoadDropped droppedNodes=0
2026-08-19 03:28:22.626: [INFO] BookmarksSnapshot Startup total=0 bar=0 other=0 mobile=0 showBar=0 showBarNTP=1
2026-08-19 03:49:44.182: [INFO] BookmarksSnapshot Shutdown total=0 bar=0 other=0 mobile=0 showBar=0 showBarNTP=1
2026-08-19 04:03:00.547: [INFO] CurrentProfilePath: C:\Users\HP\Downloads\TrashSailorsJavaFX (2)\.metadata\.plugins\org.eclipse.swt\EBWebView\Default
2026-08-19 04:03:00.547: [INFO] Profiles total count: 1
2026-08-19 04:03:00.547: [INFO] Profile: name=Profile 1 path=C:\Users\HP\Downloads\TrashSailorsJavaFX (2)\.metadata\.plugins\org.eclipse.swt\EBWebView\Default lastActive=2026-08-19T03:27:40.592Z
2026-08-19 04:03:00.547: [INFO] LastUsedProfileDir: C:\Users\HP\Downloads\TrashSailorsJavaFX (2)\.metadata\.plugins\org.eclipse.swt\EBWebView\Default
2026-08-19 04:03:00.547: [INFO] MostRecentlyActiveProfile: name=Profile 1 path=C:\Users\HP\Downloads\TrashSailorsJavaFX (2)\.metadata\.plugins\org.eclipse.swt\EBWebView\Default lastActive=2026-08-19T03:27:40.592Z
2026-08-19 04:03:00.547: [INFO] OnDoneLoading sync enabled: 0
2026-08-19 04:03:00.547: [INFO] BookmarkModelLoaded, ids_reassigned: 0
2026-08-19 04:03:00.547: [INFO] BookmarksLoadDropped droppedNodes=0
2026-08-19 04:03:00.547: [INFO] BookmarksSnapshot Startup total=0 bar=0 other=0 mobile=0 showBar=0 showBarNTP=1
2026-08-19 04:03:12.712: [INFO] BookmarksSnapshot Shutdown total=0 bar=0 other=0 mobile=0 showBar=0 showBarNTP=1
